exports[`test renders NoteList 1`] = `
ShallowWrapper {
  "complexSelector": ComplexSelector {
    "buildPredicate": [Function],
    "childrenOfNode": [Function],
    "findWhereUnwrapped": [Function],
  },
  "length": 1,
  "node": <styled.div
    height={undefined}>
    <styled.p
        bgColor={undefined}
        textColor="black">
        test
    </styled.p>
    <styled.p
        bgColor={undefined}
        textColor="black">
        test1
    </styled.p>
</styled.div>,
  "nodes": Array [
    <styled.div
      height={undefined}>
      <styled.p
            bgColor={undefined}
            textColor="black">
            test
      </styled.p>
      <styled.p
            bgColor={undefined}
            textColor="black">
            test1
      </styled.p>
</styled.div>,
  ],
  "options": Object {},
  "renderer": ReactShallowRenderer {
    "_instance": ShallowComponentWrapper {
      "_calledComponentWillUnmount": false,
      "_compositeType": 2,
      "_context": Object {},
      "_currentElement": <NoteList
        notes={
                Array [
                        Object {
                          "text": "test",
                        },
                        Object {
                          "text": "test1",
                        },
                      ]
        }
        textColor="black" />,
      "_debugID": 1,
      "_hostContainerInfo": null,
      "_hostParent": null,
      "_instance": StatelessComponent {
        "_reactInternalInstance": [Circular],
        "context": Object {},
        "props": Object {
          "notes": Array [
            Object {
              "text": "test",
            },
            Object {
              "text": "test1",
            },
          ],
          "textColor": "black",
        },
        "refs": Object {},
        "state": null,
        "updater": Object {
          "enqueueCallback": [Function],
          "enqueueCallbackInternal": [Function],
          "enqueueElementInternal": [Function],
          "enqueueForceUpdate": [Function],
          "enqueueReplaceState": [Function],
          "enqueueSetState": [Function],
          "isMounted": [Function],
          "validateCallback": [Function],
        },
      },
      "_mountOrder": 1,
      "_pendingCallbacks": null,
      "_pendingElement": null,
      "_pendingForceUpdate": false,
      "_pendingReplaceState": false,
      "_pendingStateQueue": null,
      "_renderedComponent": NoopInternalComponent {
        "_currentElement": <styled.div
          height={undefined}>
          <styled.p
                    bgColor={undefined}
                    textColor="black">
                    test
          </styled.p>
          <styled.p
                    bgColor={undefined}
                    textColor="black">
                    test1
          </styled.p>
</styled.div>,
        "_debugID": 2,
        "_renderedOutput": <styled.div
          height={undefined}>
          <styled.p
                    bgColor={undefined}
                    textColor="black">
                    test
          </styled.p>
          <styled.p
                    bgColor={undefined}
                    textColor="black">
                    test1
          </styled.p>
</styled.div>,
      },
      "_renderedNodeType": 1,
      "_rootNodeID": 0,
      "_topLevelWrapper": null,
      "_updateBatchNumber": null,
      "_warnedAboutRefsInRender": false,
    },
    "getRenderOutput": [Function],
    "render": [Function],
  },
  "root": [Circular],
  "unrendered": <NoteList
    notes={
        Array [
            Object {
              "text": "test",
            },
            Object {
              "text": "test1",
            },
          ]
    }
    textColor="black" />,
}
`;
