exports[`test renders button 1`] = `
ShallowWrapper {
  "complexSelector": ComplexSelector {
    "buildPredicate": [Function],
    "childrenOfNode": [Function],
    "findWhereUnwrapped": [Function],
  },
  "length": 1,
  "node": <button
    className="kfaaFG"
    color="black"
    fontSize={20}
    height={20}
    width={20} />,
  "nodes": Array [
    <button
      className="kfaaFG"
      color="black"
      fontSize={20}
      height={20}
      width={20} />,
  ],
  "options": Object {},
  "renderer": ReactShallowRenderer {
    "_instance": ShallowComponentWrapper {
      "_calledComponentWillUnmount": false,
      "_compositeType": 0,
      "_context": Object {},
      "_currentElement": <styled.button
        bgColor="white"
        color="black"
        fontSize={20}
        height={20}
        width={20} />,
      "_debugID": 1,
      "_hostContainerInfo": null,
      "_hostParent": null,
      "_instance": StyledComponent {
        "_reactInternalInstance": [Circular],
        "context": Object {
          "__styled-components__": undefined,
        },
        "props": Object {
          "bgColor": "white",
          "color": "black",
          "fontSize": 20,
          "height": 20,
          "width": 20,
        },
        "refs": Object {},
        "state": Object {
          "generatedClassName": "kfaaFG",
          "theme": Object {},
        },
        "updater": Object {
          "enqueueCallback": [Function],
          "enqueueCallbackInternal": [Function],
          "enqueueElementInternal": [Function],
          "enqueueForceUpdate": [Function],
          "enqueueReplaceState": [Function],
          "enqueueSetState": [Function],
          "isMounted": [Function],
          "validateCallback": [Function],
        },
      },
      "_mountOrder": 1,
      "_pendingCallbacks": null,
      "_pendingElement": null,
      "_pendingForceUpdate": false,
      "_pendingReplaceState": false,
      "_pendingStateQueue": null,
      "_renderedComponent": NoopInternalComponent {
        "_currentElement": <button
          className="kfaaFG"
          color="black"
          fontSize={20}
          height={20}
          width={20} />,
        "_debugID": 2,
        "_renderedOutput": <button
          className="kfaaFG"
          color="black"
          fontSize={20}
          height={20}
          width={20} />,
      },
      "_renderedNodeType": 0,
      "_rootNodeID": 0,
      "_topLevelWrapper": null,
      "_updateBatchNumber": null,
      "_warnedAboutRefsInRender": false,
    },
    "getRenderOutput": [Function],
    "render": [Function],
  },
  "root": [Circular],
  "unrendered": <styled.button
    bgColor="white"
    color="black"
    fontSize={20}
    height={20}
    width={20} />,
}
`;
